
  ___  ____  ____  ____  ____ ®
 /__    /   ____/   /   ____/      17.0
___/   /   /___/   /   /___/       MP—Parallel Edition

 Statistics and Data Science       Copyright 1985-2021 StataCorp LLC
                                   StataCorp
                                   4905 Lakeway Drive
                                   College Station, Texas 77845 USA
                                   800-STATA-PC        https://www.stata.com
                                   979-696-4600        stata@stata.com

Stata license: 2-user 32-core network, expiring 27 Apr 2022
Serial number: 501709300062
  Licensed to: Lars Vilhuber (Data Editor)
               American Economic Association

Notes:
      1. Stata is running in batch mode.
      2. Unicode is supported; see help unicode_advice.
      3. More than 2 billion observations are allowed; see help obs_advice.
      4. Maximum number of variables is set to 5,000; see help set_maxvar.

. do fig3.do 

. clear

. graph drop _all

. clear

. set more off

. 
. ****GENERATE DATA*****
. ****IPUMS ASEC EXTRACT USING THE VARIABLES LISTED BELOW, FOR 2000-2020
. 
. /* this dataset is ASEC supplement to the CPS, data downloaded from IPUMS htt
> ps://usa.ipums.org/usa/.
> // The following variables were downloaded:
> // 
> // Contains data from G:/mcr/scratch-m1cls01/data/cps/IPUMS/ASEC/cps_00137.dt
> a
> //   obs:     3,092,993                          
> //  vars:             8                          09 MAR 2021 20:54
> // --------------------------------------------------------------------------
> -------------
> //               storage   display    value
> // variable name   type    format     label      variable label
> // --------------------------------------------------------------------------
> -------------
> // year            int     %8.0g                 survey year
> // gq              byte    %8.0g      GQ         group quarters status
> // asecwt          double  %12.0g                annual social and economic s
> upplement
> //                                                 weight
> // age             byte    %8.0g      AGE        age
> // whymove         byte    %8.0g      WHYMOVE    reason for moving
> // migrate1        byte    %8.0g      MIGRATE1   migration status, 1 year
> // qmigrat1        byte    %8.0g      QMIGRAT1   data quality flag for migrat
> e1
> // qwhymove        byte    %8.0g      QWHYMOVE   data quality flag for whymov
> e
> // --------------------------------------------------------------------------
> -------------
> 
> 
> */
. 
. use gq qwhymove year asecwt qmigrat1 qwhymove age whymove migrate1 using cps_
> 00137 if age>=16, clear
file cps_00137.dta not found
r(601);

end of do-file
r(601);
